  蹂듭썝???꾨줈?앺듃瑜??뺤씤?섎뒗 以?..
  蹂듭썝??紐⑤뱺 ?꾨줈?앺듃媛 理쒖떊 ?곹깭?낅땲??
  CatchCapture -> C:\yonghoprogram\Catchcapture\bin\Debug\net8.0-windows10.0.19041.0\CatchCapture.dll

鍮뚮뱶?덉뒿?덈떎.
    寃쎄퀬 0媛?
    ?ㅻ쪟 0媛?

寃쎄낵 ?쒓컙: 00:00:01.43
