  蹂듭썝???꾨줈?앺듃瑜??뺤씤?섎뒗 以?..
  蹂듭썝??紐⑤뱺 ?꾨줈?앺듃媛 理쒖떊 ?곹깭?낅땲??
C:\yonghoprogram\Catchcapture\PreviewWindow.xaml.cs(839,44): warning CS8629: Nullable 媛??뺤떇??null?????덉뒿?덈떎. [C:\yonghoprogram\Catchcapture\CatchCapture_l3rm44ch_wpftmp.csproj]
C:\yonghoprogram\Catchcapture\PreviewWindow.xaml.cs(841,39): warning CS8629: Nullable 媛??뺤떇??null?????덉뒿?덈떎. [C:\yonghoprogram\Catchcapture\CatchCapture_l3rm44ch_wpftmp.csproj]
C:\yonghoprogram\Catchcapture\TrayModeWindow.xaml.cs(18,16): warning CS8618: null???덉슜?섏? ?딅뒗 ?꾨뱶 'settings'?(?? ?앹꽦?먮? 醫낅즺????null???꾨땶 媛믪쓣 ?ы븿?댁빞 ?⑸땲?? 'required' ?쒖젙?먮? 異붽??섍굅???꾨뱶??瑜? nullable濡??좎뼵?섎뒗 寃껋씠 醫뗭뒿?덈떎. [C:\yonghoprogram\Catchcapture\CatchCapture_l3rm44ch_wpftmp.csproj]
C:\yonghoprogram\Catchcapture\MainWindow.xaml.cs(366,32): warning CS8625: Null 由ы꽣?댁쓣 null???덉슜?섏? ?딅뒗 李몄“ ?뺤떇?쇰줈 蹂?섑븷 ???놁뒿?덈떎. [C:\yonghoprogram\Catchcapture\CatchCapture_l3rm44ch_wpftmp.csproj]
C:\yonghoprogram\Catchcapture\MainWindow.xaml.cs(366,38): warning CS8625: Null 由ы꽣?댁쓣 null???덉슜?섏? ?딅뒗 李몄“ ?뺤떇?쇰줈 蹂?섑븷 ???놁뒿?덈떎. [C:\yonghoprogram\Catchcapture\CatchCapture_l3rm44ch_wpftmp.csproj]
C:\yonghoprogram\Catchcapture\PreviewWindow.Drawing.cs(233,27): error CS0103: 'nextLayerId' ?대쫫???꾩옱 而⑦뀓?ㅽ듃???놁뒿?덈떎. [C:\yonghoprogram\Catchcapture\CatchCapture_l3rm44ch_wpftmp.csproj]
C:\yonghoprogram\Catchcapture\PreviewWindow.Drawing.cs(239,13): error CS0103: 'drawingLayers' ?대쫫???꾩옱 而⑦뀓?ㅽ듃???놁뒿?덈떎. [C:\yonghoprogram\Catchcapture\CatchCapture_l3rm44ch_wpftmp.csproj]
C:\yonghoprogram\Catchcapture\PreviewWindow.Drawing.cs(242,70): error CS0103: 'drawingLayers' ?대쫫???꾩옱 而⑦뀓?ㅽ듃???놁뒿?덈떎. [C:\yonghoprogram\Catchcapture\CatchCapture_l3rm44ch_wpftmp.csproj]
C:\yonghoprogram\Catchcapture\Utilities\MultiCaptureWindow.cs(51,16): warning CS8618: null???덉슜?섏? ?딅뒗 ?띿꽦 'IndividualImages'?(?? ?앹꽦?먮? 醫낅즺????null???꾨땶 媛믪쓣 ?ы븿?댁빞 ?⑸땲?? 'required' ?쒖젙?먮? 異붽??섍굅???띿꽦??瑜? nullable濡??좎뼵?섎뒗 寃껋씠 醫뗭뒿?덈떎. [C:\yonghoprogram\Catchcapture\CatchCapture_l3rm44ch_wpftmp.csproj]
C:\yonghoprogram\Catchcapture\PreviewWindow.Drawing.cs(361,71): error CS0103: 'drawingLayers' ?대쫫???꾩옱 而⑦뀓?ㅽ듃???놁뒿?덈떎. [C:\yonghoprogram\Catchcapture\CatchCapture_l3rm44ch_wpftmp.csproj]
C:\yonghoprogram\Catchcapture\PreviewWindow.Drawing.cs(364,21): error CS0103: 'drawingLayers' ?대쫫???꾩옱 而⑦뀓?ㅽ듃???놁뒿?덈떎. [C:\yonghoprogram\Catchcapture\CatchCapture_l3rm44ch_wpftmp.csproj]
C:\yonghoprogram\Catchcapture\PreviewWindow.Drawing.cs(369,70): error CS0103: 'drawingLayers' ?대쫫???꾩옱 而⑦뀓?ㅽ듃???놁뒿?덈떎. [C:\yonghoprogram\Catchcapture\CatchCapture_l3rm44ch_wpftmp.csproj]
C:\yonghoprogram\Catchcapture\MainWindow.xaml.cs(1234,36): warning CS8600: null 由ы꽣???먮뒗 媛?ν븳 null 媛믪쓣 null???덉슜?섏? ?딅뒗 ?뺤떇?쇰줈 蹂?섑븯??以묒엯?덈떎. [C:\yonghoprogram\Catchcapture\CatchCapture_l3rm44ch_wpftmp.csproj]
C:\yonghoprogram\Catchcapture\MainWindow.xaml.cs(1905,75): warning CS8625: Null 由ы꽣?댁쓣 null???덉슜?섏? ?딅뒗 李몄“ ?뺤떇?쇰줈 蹂?섑븷 ???놁뒿?덈떎. [C:\yonghoprogram\Catchcapture\CatchCapture_l3rm44ch_wpftmp.csproj]
C:\yonghoprogram\Catchcapture\MainWindow.xaml.cs(1905,81): warning CS8625: Null 由ы꽣?댁쓣 null???덉슜?섏? ?딅뒗 李몄“ ?뺤떇?쇰줈 蹂?섑븷 ???놁뒿?덈떎. [C:\yonghoprogram\Catchcapture\CatchCapture_l3rm44ch_wpftmp.csproj]
C:\yonghoprogram\Catchcapture\PreviewWindow.xaml.cs(71,28): warning CS0169: 'PreviewWindow.thicknessPreviewRect' ?꾨뱶媛 ?ъ슜?섏? ?딆븯?듬땲?? [C:\yonghoprogram\Catchcapture\CatchCapture_l3rm44ch_wpftmp.csproj]
C:\yonghoprogram\Catchcapture\PreviewWindow.xaml.cs(70,25): warning CS0169: 'PreviewWindow.thicknessPreviewCanvas' ?꾨뱶媛 ?ъ슜?섏? ?딆븯?듬땲?? [C:\yonghoprogram\Catchcapture\CatchCapture_l3rm44ch_wpftmp.csproj]

鍮뚮뱶?섏? 紐삵뻽?듬땲??

C:\yonghoprogram\Catchcapture\PreviewWindow.xaml.cs(839,44): warning CS8629: Nullable 媛??뺤떇??null?????덉뒿?덈떎. [C:\yonghoprogram\Catchcapture\CatchCapture_l3rm44ch_wpftmp.csproj]
C:\yonghoprogram\Catchcapture\PreviewWindow.xaml.cs(841,39): warning CS8629: Nullable 媛??뺤떇??null?????덉뒿?덈떎. [C:\yonghoprogram\Catchcapture\CatchCapture_l3rm44ch_wpftmp.csproj]
C:\yonghoprogram\Catchcapture\TrayModeWindow.xaml.cs(18,16): warning CS8618: null???덉슜?섏? ?딅뒗 ?꾨뱶 'settings'?(?? ?앹꽦?먮? 醫낅즺????null???꾨땶 媛믪쓣 ?ы븿?댁빞 ?⑸땲?? 'required' ?쒖젙?먮? 異붽??섍굅???꾨뱶??瑜? nullable濡??좎뼵?섎뒗 寃껋씠 醫뗭뒿?덈떎. [C:\yonghoprogram\Catchcapture\CatchCapture_l3rm44ch_wpftmp.csproj]
C:\yonghoprogram\Catchcapture\MainWindow.xaml.cs(366,32): warning CS8625: Null 由ы꽣?댁쓣 null???덉슜?섏? ?딅뒗 李몄“ ?뺤떇?쇰줈 蹂?섑븷 ???놁뒿?덈떎. [C:\yonghoprogram\Catchcapture\CatchCapture_l3rm44ch_wpftmp.csproj]
C:\yonghoprogram\Catchcapture\MainWindow.xaml.cs(366,38): warning CS8625: Null 由ы꽣?댁쓣 null???덉슜?섏? ?딅뒗 李몄“ ?뺤떇?쇰줈 蹂?섑븷 ???놁뒿?덈떎. [C:\yonghoprogram\Catchcapture\CatchCapture_l3rm44ch_wpftmp.csproj]
C:\yonghoprogram\Catchcapture\Utilities\MultiCaptureWindow.cs(51,16): warning CS8618: null???덉슜?섏? ?딅뒗 ?띿꽦 'IndividualImages'?(?? ?앹꽦?먮? 醫낅즺????null???꾨땶 媛믪쓣 ?ы븿?댁빞 ?⑸땲?? 'required' ?쒖젙?먮? 異붽??섍굅???띿꽦??瑜? nullable濡??좎뼵?섎뒗 寃껋씠 醫뗭뒿?덈떎. [C:\yonghoprogram\Catchcapture\CatchCapture_l3rm44ch_wpftmp.csproj]
C:\yonghoprogram\Catchcapture\MainWindow.xaml.cs(1234,36): warning CS8600: null 由ы꽣???먮뒗 媛?ν븳 null 媛믪쓣 null???덉슜?섏? ?딅뒗 ?뺤떇?쇰줈 蹂?섑븯??以묒엯?덈떎. [C:\yonghoprogram\Catchcapture\CatchCapture_l3rm44ch_wpftmp.csproj]
C:\yonghoprogram\Catchcapture\MainWindow.xaml.cs(1905,75): warning CS8625: Null 由ы꽣?댁쓣 null???덉슜?섏? ?딅뒗 李몄“ ?뺤떇?쇰줈 蹂?섑븷 ???놁뒿?덈떎. [C:\yonghoprogram\Catchcapture\CatchCapture_l3rm44ch_wpftmp.csproj]
C:\yonghoprogram\Catchcapture\MainWindow.xaml.cs(1905,81): warning CS8625: Null 由ы꽣?댁쓣 null???덉슜?섏? ?딅뒗 李몄“ ?뺤떇?쇰줈 蹂?섑븷 ???놁뒿?덈떎. [C:\yonghoprogram\Catchcapture\CatchCapture_l3rm44ch_wpftmp.csproj]
C:\yonghoprogram\Catchcapture\PreviewWindow.xaml.cs(71,28): warning CS0169: 'PreviewWindow.thicknessPreviewRect' ?꾨뱶媛 ?ъ슜?섏? ?딆븯?듬땲?? [C:\yonghoprogram\Catchcapture\CatchCapture_l3rm44ch_wpftmp.csproj]
C:\yonghoprogram\Catchcapture\PreviewWindow.xaml.cs(70,25): warning CS0169: 'PreviewWindow.thicknessPreviewCanvas' ?꾨뱶媛 ?ъ슜?섏? ?딆븯?듬땲?? [C:\yonghoprogram\Catchcapture\CatchCapture_l3rm44ch_wpftmp.csproj]
C:\yonghoprogram\Catchcapture\PreviewWindow.Drawing.cs(233,27): error CS0103: 'nextLayerId' ?대쫫???꾩옱 而⑦뀓?ㅽ듃???놁뒿?덈떎. [C:\yonghoprogram\Catchcapture\CatchCapture_l3rm44ch_wpftmp.csproj]
C:\yonghoprogram\Catchcapture\PreviewWindow.Drawing.cs(239,13): error CS0103: 'drawingLayers' ?대쫫???꾩옱 而⑦뀓?ㅽ듃???놁뒿?덈떎. [C:\yonghoprogram\Catchcapture\CatchCapture_l3rm44ch_wpftmp.csproj]
C:\yonghoprogram\Catchcapture\PreviewWindow.Drawing.cs(242,70): error CS0103: 'drawingLayers' ?대쫫???꾩옱 而⑦뀓?ㅽ듃???놁뒿?덈떎. [C:\yonghoprogram\Catchcapture\CatchCapture_l3rm44ch_wpftmp.csproj]
C:\yonghoprogram\Catchcapture\PreviewWindow.Drawing.cs(361,71): error CS0103: 'drawingLayers' ?대쫫???꾩옱 而⑦뀓?ㅽ듃???놁뒿?덈떎. [C:\yonghoprogram\Catchcapture\CatchCapture_l3rm44ch_wpftmp.csproj]
C:\yonghoprogram\Catchcapture\PreviewWindow.Drawing.cs(364,21): error CS0103: 'drawingLayers' ?대쫫???꾩옱 而⑦뀓?ㅽ듃???놁뒿?덈떎. [C:\yonghoprogram\Catchcapture\CatchCapture_l3rm44ch_wpftmp.csproj]
C:\yonghoprogram\Catchcapture\PreviewWindow.Drawing.cs(369,70): error CS0103: 'drawingLayers' ?대쫫???꾩옱 而⑦뀓?ㅽ듃???놁뒿?덈떎. [C:\yonghoprogram\Catchcapture\CatchCapture_l3rm44ch_wpftmp.csproj]
    寃쎄퀬 11媛?
    ?ㅻ쪟 6媛?

寃쎄낵 ?쒓컙: 00:00:01.76
